// Jest Snapshot v1, https://goo.gl/fbAQLP

exports[`Gnome detail component renders as expected 1`] = `ShallowWrapper {}`;
